#-----------------------------------------------------------
# Vivado v2016.1 (64-bit)
# SW Build 1538259 on Fri Apr  8 15:45:27 MDT 2016
# IP Build 1537824 on Fri Apr  8 04:28:57 MDT 2016
# Start of session at: Thu May 11 22:44:26 2017
# Process ID: 11340
# Current directory: W:/lib/hw/contrib/cores/spad_controller
# Command line: vivado.exe -gui_launcher_event rodinguilauncherevent9084 W:\lib\hw\contrib\cores\spad_controller\spad_controller.xpr
# Log file: W:/lib/hw/contrib/cores/spad_controller/vivado.log
# Journal file: W:/lib/hw/contrib/cores/spad_controller\vivado.jou
#-----------------------------------------------------------
start_gui
open_project W:/lib/hw/contrib/cores/spad_controller/spad_controller.xpr
launch_simulation
source spad_manager_tb.tcl
relaunch_sim
restart
run 10 ns
run 10 ns
run 10 ns
run 10 ns
run 10 ns
run 10 ns
run 10 ns
run 10 ns
run 10 ns
run 10 ns
run 10 ns
run 10 ns
run 10 ns
add_bp {W:/lib/hw/contrib/cores/spad_controller/spad_controller.srcs/sim_1/new/spad_sim.v} 139
relaunch_sim
step
run 10 ns
step
run 10 ns
run 10 ns
run 10 ns
run 10 ns
step
run 10 ns
run 10 ns
run 10 ns
run 10 ns
run 10 ns
run 10 ns
run 10 ns
run 10 ns
run 10 ns
run 10 ns
step
step
remove_bps -file {W:/lib/hw/contrib/cores/spad_controller/spad_controller.srcs/sim_1/new/spad_sim.v} -line 139
restart
run 10 ns
run 10 ns
run 10 ns
run 10 ns
run 10 ns
run 10 ns
run 10 ns
run 10 ns
run 10 ns
run 10 ns
run 10 ns
run 10 ns
run 10 ns
run 10 ns
relaunch_sim
relaunch_sim
relaunch_sim
restart
run 10 ns
run 10 ns
run 10 ns
run 10 ns
run 10 ns
run 10 ns
run 10 ns
run 10 ns
run 10 ns
run 10 ns
add_bp {W:/lib/hw/contrib/cores/spad_controller/spad_controller.srcs/sim_1/new/spad_sim.v} 134
run 10 ns
run 10 ns
close_sim
launch_simulation
source spad_manager_tb.tcl
restart
run 10 ns
run 10 ns
run 10 ns
run 10 ns
run 10 ns
add_bp {W:/lib/hw/contrib/cores/spad_controller/spad_controller.srcs/sim_1/new/spad_sim.v} 126
run 10 ns
run 10 ns
run 10 ns
run 10 ns
remove_bps -file {W:/lib/hw/contrib/cores/spad_controller/spad_controller.srcs/sim_1/new/spad_sim.v} -line 126
add_bp {W:/lib/hw/contrib/cores/spad_controller/spad_controller.srcs/sim_1/new/spad_sim.v} 129
run 10 ns
run 10 ns
run 10 ns
restart
add_bp {W:/lib/hw/contrib/cores/spad_controller/spad_controller.srcs/sim_1/new/spad_sim.v} 122
run 10 ns
run 10 ns
run 10 ns
run 10 ns
step
run 10 ns
run 10 ns
relaunch_sim
remove_bps -file {W:/lib/hw/contrib/cores/spad_controller/spad_controller.srcs/sim_1/new/spad_sim.v} -line 129
run 10 ns
run 10 ns
run 10 ns
run 10 ns
run 100 ns
restart
run 30 ns
run 30 ns
restart
run 30 ns
run 30 ns
run 30 ns
relaunch_sim
relaunch_sim
relaunch_sim
relaunch_sim
