#-----------------------------------------------------------
# Vivado v2016.1 (64-bit)
# SW Build 1538259 on Fri Apr  8 15:45:27 MDT 2016
# IP Build 1537824 on Fri Apr  8 04:28:57 MDT 2016
# Start of session at: Tue May 02 23:09:06 2017
# Process ID: 9684
# Current directory: C:/Users/Constantine/OneDrive - Technion/Studies/FireSourceDetection/repo/NetFPGA-live-fork/lib/hw/contrib/cores/spad_controller/spad_controller.runs/synth_1
# Command line: vivado.exe -log controller.vds -mode batch -messageDb vivado.pb -notrace -source controller.tcl
# Log file: C:/Users/Constantine/OneDrive - Technion/Studies/FireSourceDetection/repo/NetFPGA-live-fork/lib/hw/contrib/cores/spad_controller/spad_controller.runs/synth_1/controller.vds
# Journal file: C:/Users/Constantine/OneDrive - Technion/Studies/FireSourceDetection/repo/NetFPGA-live-fork/lib/hw/contrib/cores/spad_controller/spad_controller.runs/synth_1\vivado.jou
#-----------------------------------------------------------
source controller.tcl -notrace
